// Vitest Snapshot v1, https://vitest.dev/guide/snapshot.html

exports[`Footer Component > matches snapshot 1`] = `
<DocumentFragment>
  <footer
    class="_footer_0a5567"
  >
    <div
      class="_container_0a5567"
    >
      <img
        alt="Mobile Rimac Logo"
        class="_logo--mobile_0a5567"
        src="rimac-logo-mobile-white.svg"
      />
      <img
        alt="Desktop Rimac Logo"
        class="_logo--desktop_0a5567"
        src="rimac-logo-white.svg"
      />
      <span
        class="_separator_0a5567"
      />
      <p
        class="_text_0a5567"
      >
        Â© 2025 RIMAC Seguros y Reaseguros.
      </p>
    </div>
  </footer>
</DocumentFragment>
`;
